\BOOKMARK [1][-]{section.1}{\376\377\000L\000o\000s\000\040\000n\000\372\000m\000e\000r\000o\000s\000\040\000r\000e\000a\000l\000e\000s}{}% 1
\BOOKMARK [2][-]{subsection.1.1}{\376\377\000C\000a\000m\000p\000o\000s}{section.1}% 2
\BOOKMARK [2][-]{subsection.1.2}{\376\377\000O\000r\000d\000e\000n\000\040\000d\000e\000\040\000l\000o\000s\000\040\000n\000\372\000m\000e\000r\000o\000s\000\040\000r\000e\000a\000l\000e\000s}{section.1}% 3
\BOOKMARK [2][-]{subsection.1.3}{\376\377\000C\000a\000m\000p\000o\000\040\000o\000r\000d\000e\000n\000a\000d\000o}{section.1}% 4
\BOOKMARK [1][-]{section.2}{\376\377\000P\000r\000e\000-\000r\000e\000q\000u\000i\000s\000i\000t\000o\000s}{}% 5
\BOOKMARK [2][-]{subsection.2.1}{\376\377\000E\000c\000u\000a\000c\000i\000o\000n\000e\000s\000\040\000d\000e\000\040\000l\000a\000\040\000f\000o\000r\000m\000a\000\040\000a\000x\000+\000b\000=\000c\000x\000+\000d}{section.2}% 6
\BOOKMARK [1][-]{section.3}{\376\377\000D\000e\000s\000i\000g\000u\000a\000l\000d\000a\000d\000e\000s}{}% 7
\BOOKMARK [2][-]{subsection.3.1}{\376\377\000E\000l\000e\000m\000e\000n\000t\000o\000s\000\040\000b\000\341\000s\000i\000c\000o\000s}{section.3}% 8
\BOOKMARK [2][-]{subsection.3.2}{\376\377\000S\000o\000l\000u\000c\000i\000\363\000n\000\040\000d\000e\000\040\000d\000e\000s\000i\000g\000u\000a\000l\000d\000a\000d\000e\000s\000\040\000d\000e\000\040\000p\000r\000i\000m\000e\000r\000\040\000g\000r\000a\000d\000o}{section.3}% 9
\BOOKMARK [3][-]{subsubsection.3.2.1}{\376\377\000S\000o\000l\000u\000c\000i\000\363\000n\000\040\000d\000e\000\040\000d\000e\000s\000i\000g\000u\000a\000l\000d\000a\000d\000e\000s\000\040\000d\000e\000l\000\040\000t\000i\000p\000o\000:\000\040\000a\000x\000+\000b\000>\000c}{subsection.3.2}% 10
\BOOKMARK [3][-]{subsubsection.3.2.2}{\376\377\000S\000o\000l\000u\000c\000i\000\363\000n\000\040\000d\000e\000\040\000d\000e\000s\000i\000g\000u\000a\000l\000d\000a\000d\000e\000s\000\040\000d\000e\000l\000\040\000t\000i\000p\000o\000:\000\040\000a\000x\000+\000b\000>\000c\000,\000\040\000c\000o\000n\000\040\000c\000o\000e\000f\000i\000c\000i\000e\000n\000t\000e\000s\000\040\000f\000r\000a\000c\000c\000i\000o\000n\000a\000r\000i\000o\000s}{subsection.3.2}% 11
\BOOKMARK [3][-]{subsubsection.3.2.3}{\376\377\000S\000o\000l\000u\000c\000i\000\363\000n\000\040\000d\000e\000\040\000d\000e\000s\000i\000g\000u\000a\000l\000d\000a\000d\000e\000s\000\040\000d\000e\000l\000\040\000t\000i\000p\000o\000:\000\040\000a\000x\000+\000b\000<\000c}{subsection.3.2}% 12
\BOOKMARK [3][-]{subsubsection.3.2.4}{\376\377\000S\000o\000l\000u\000c\000i\000\363\000n\000\040\000d\000e\000\040\000d\000e\000s\000i\000g\000u\000a\000l\000d\000a\000d\000e\000s\000\040\000d\000e\000l\000\040\000t\000i\000p\000o\000:\000\040\000a\000x\000+\000b\000<\000c\000\040\000c\000o\000n\000\040\000c\000o\000e\000f\000i\000c\000i\000e\000n\000t\000e\000s\000\040\000f\000r\000a\000c\000c\000i\000o\000n\000a\000r\000i\000o\000s}{subsection.3.2}% 13
\BOOKMARK [3][-]{subsubsection.3.2.5}{\376\377\000S\000o\000l\000u\000c\000i\000\363\000n\000\040\000d\000e\000\040\000d\000e\000s\000i\000g\000u\000a\000l\000d\000a\000d\000e\000s\000\040\000d\000e\000l\000\040\000t\000i\000p\000o\000:\000\040\000a\000x\000+\000b\000\040\000c}{subsection.3.2}% 14
\BOOKMARK [3][-]{subsubsection.3.2.6}{\376\377\000S\000o\000l\000u\000c\000i\000\363\000n\000\040\000d\000e\000\040\000d\000e\000s\000i\000g\000u\000a\000l\000d\000a\000d\000e\000s\000\040\000d\000e\000l\000\040\000t\000i\000p\000o\000:\000\040\000a\000x\000+\000b\000\040\000c\000,\000\040\000c\000o\000n\000\040\000c\000o\000e\000f\000i\000c\000i\000e\000n\000t\000e\000s\000\040\000f\000r\000a\000c\000c\000i\000o\000n\000a\000r\000i\000o\000s}{subsection.3.2}% 15
\BOOKMARK [3][-]{subsubsection.3.2.7}{\376\377\000S\000o\000l\000u\000c\000i\000\363\000n\000\040\000d\000e\000\040\000d\000e\000s\000i\000g\000u\000a\000l\000d\000a\000d\000e\000s\000\040\000d\000e\000l\000\040\000t\000i\000p\000o\000:\000\040\000a\000x\000+\000b\000\040\000c}{subsection.3.2}% 16
\BOOKMARK [3][-]{subsubsection.3.2.8}{\376\377\000S\000o\000l\000u\000c\000i\000\363\000n\000\040\000d\000e\000\040\000d\000e\000s\000i\000g\000u\000a\000l\000d\000a\000d\000e\000s\000\040\000d\000e\000l\000\040\000t\000i\000p\000o\000:\000\040\000a\000x\000+\000b\000\040\000c\000\040\000c\000o\000n\000\040\000c\000o\000e\000f\000i\000c\000i\000e\000n\000t\000e\000s\000\040\000f\000r\000a\000c\000c\000i\000o\000n\000a\000r\000i\000o\000s\000.}{subsection.3.2}% 17
\BOOKMARK [2][-]{subsection.3.3}{\376\377\000S\000o\000l\000u\000c\000i\000\363\000n\000\040\000d\000e\000\040\000d\000e\000s\000i\000g\000u\000a\000l\000d\000a\000d\000e\000s\000\040\000c\000o\000n\000\040\000d\000o\000b\000l\000e\000\040\000d\000e\000s\000i\000g\000u\000a\000l\000d\000a\000d\000.}{section.3}% 18
\BOOKMARK [3][-]{subsubsection.3.3.1}{\376\377\000S\000o\000l\000u\000c\000i\000\363\000n\000\040\000d\000e\000\040\000d\000e\000s\000i\000g\000u\000a\000l\000d\000a\000d\000e\000s\000\040\000d\000e\000l\000\040\000t\000i\000p\000o\000:\000\040\000c\000<\000a\000x\000+\000b\000\040\000<\000d}{subsection.3.3}% 19
\BOOKMARK [3][-]{subsubsection.3.3.2}{\376\377\000S\000o\000l\000u\000c\000i\000\363\000n\000\040\000d\000e\000\040\000d\000e\000s\000i\000g\000u\000a\000l\000d\000a\000d\000e\000s\000\040\000d\000e\000l\000\040\000t\000i\000p\000o\000:\000\040\000c\000<\000a\000x\000+\000b\000\040\000d}{subsection.3.3}% 20
\BOOKMARK [3][-]{subsubsection.3.3.3}{\376\377\000S\000o\000l\000u\000c\000i\000\363\000n\000\040\000d\000e\000\040\000d\000e\000s\000i\000g\000u\000a\000l\000d\000a\000d\000e\000s\000\040\000d\000e\000l\000\040\000t\000i\000p\000o\000:\000\040\000c\000a\000x\000+\000b\000\040\000<\000d}{subsection.3.3}% 21
\BOOKMARK [3][-]{subsubsection.3.3.4}{\376\377\000S\000o\000l\000u\000c\000i\000\363\000n\000\040\000d\000e\000\040\000d\000e\000s\000i\000g\000u\000a\000l\000d\000a\000d\000e\000s\000\040\000d\000e\000l\000\040\000t\000i\000p\000o\000:\000\040\000c\000a\000x\000+\000b\000\040\000d}{subsection.3.3}% 22
\BOOKMARK [2][-]{subsection.3.4}{\376\377\000S\000o\000l\000u\000c\000i\000\363\000n\000\040\000d\000e\000\040\000d\000e\000s\000i\000g\000u\000a\000l\000d\000a\000d\000e\000s\000\040\000c\000o\000n\000\040\000v\000a\000l\000o\000r\000\040\000a\000b\000s\000o\000l\000u\000t\000o}{section.3}% 23
\BOOKMARK [3][-]{subsubsection.3.4.1}{\376\377\000S\000o\000l\000u\000c\000i\000\363\000n\000\040\000d\000e\000\040\000d\000e\000s\000i\000g\000u\000a\000l\000d\000a\000d\000e\000s\000\040\000d\000e\000l\000\040\000t\000i\000p\000o\000:\000\040\000|\000a\000x\000+\000b\000|\000\040\000<\000d}{subsection.3.4}% 24
\BOOKMARK [3][-]{subsubsection.3.4.2}{\376\377\000S\000o\000l\000u\000c\000i\000\363\000n\000\040\000d\000e\000\040\000d\000e\000s\000i\000g\000u\000a\000l\000d\000a\000d\000e\000s\000\040\000d\000e\000l\000\040\000t\000i\000p\000o\000:\000\040\000|\000a\000x\000+\000b\000|\000\040\000d}{subsection.3.4}% 25
\BOOKMARK [3][-]{subsubsection.3.4.3}{\376\377\000S\000o\000l\000u\000c\000i\000\363\000n\000\040\000d\000e\000\040\000d\000e\000s\000i\000g\000u\000a\000l\000d\000a\000d\000e\000s\000\040\000d\000e\000l\000\040\000t\000i\000p\000o\000:\000\040\000|\000a\000x\000+\000b\000|\000\040\000>\000d}{subsection.3.4}% 26
\BOOKMARK [3][-]{subsubsection.3.4.4}{\376\377\000S\000o\000l\000u\000c\000i\000\363\000n\000\040\000d\000e\000\040\000d\000e\000s\000i\000g\000u\000a\000l\000d\000a\000d\000e\000s\000\040\000d\000e\000l\000\040\000t\000i\000p\000o\000:\000\040\000|\000a\000x\000+\000b\000|\000\040\000d}{subsection.3.4}% 27
\BOOKMARK [2][-]{subsection.3.5}{\376\377\000E\000j\000e\000r\000c\000i\000c\000i\000o\000s\000\040\000a\000d\000i\000c\000i\000o\000n\000a\000l\000e\000s}{section.3}% 28
\BOOKMARK [2][-]{subsection.3.6}{\376\377\000S\000o\000l\000u\000c\000i\000\363\000n\000\040\000d\000e\000\040\000d\000e\000s\000i\000g\000u\000a\000l\000d\000a\000d\000e\000s\000\040\000d\000e\000\040\000s\000e\000g\000u\000n\000d\000o\000\040\000g\000r\000a\000d\000o}{section.3}% 29
\BOOKMARK [3][-]{subsubsection.3.6.1}{\376\377\000S\000o\000l\000u\000c\000i\000\363\000n\000\040\000d\000e\000\040\000d\000e\000s\000i\000g\000u\000a\000l\000d\000a\000d\000e\000s\000\040\000d\000e\000l\000\040\000t\000i\000p\000o\000\040\000a\000x\0002\000+\000b\000x\000+\000c\000>\0000}{subsection.3.6}% 30
\BOOKMARK [3][-]{subsubsection.3.6.2}{\376\377\000S\000o\000l\000u\000c\000i\000\363\000n\000\040\000d\000e\000\040\000d\000e\000s\000i\000g\000u\000a\000l\000d\000a\000d\000e\000s\000\040\000d\000e\000l\000\040\000t\000i\000p\000o\000\040\000a\000x\0002\000+\000b\000x\000+\000c\0000}{subsection.3.6}% 31
\BOOKMARK [3][-]{subsubsection.3.6.3}{\376\377\000S\000o\000l\000u\000c\000i\000\363\000n\000\040\000d\000e\000\040\000d\000e\000s\000i\000g\000u\000a\000l\000d\000a\000d\000e\000s\000\040\000d\000e\000l\000\040\000t\000i\000p\000o\000\040\000a\000x\0002\000+\000b\000x\000+\000c\000<\0000}{subsection.3.6}% 32
\BOOKMARK [3][-]{subsubsection.3.6.4}{\376\377\000S\000o\000l\000u\000c\000i\000\363\000n\000\040\000d\000e\000\040\000d\000e\000s\000i\000g\000u\000a\000l\000d\000a\000d\000e\000s\000\040\000d\000e\000l\000\040\000t\000i\000p\000o\000\040\000a\000x\0002\000+\000b\000x\000+\000c\0000}{subsection.3.6}% 33
\BOOKMARK [2][-]{subsection.3.7}{\376\377\000E\000j\000e\000r\000c\000i\000c\000i\000o\000s\000\040\000a\000d\000i\000c\000i\000o\000n\000a\000l\000e\000s}{section.3}% 34
\BOOKMARK [1][-]{section.4}{\376\377\000T\000a\000r\000e\000a\000\040\0001}{}% 35
\BOOKMARK [1][-]{section.5}{\376\377\000C\000o\000m\000p\000l\000e\000t\000i\000t\000u\000d\000\040\000d\000e\000\040\000l\000o\000s\000\040\000n\000\372\000m\000e\000r\000o\000s\000\040\000r\000e\000a\000l\000e\000s}{}% 36
\BOOKMARK [2][-]{subsection.5.1}{\376\377\000C\000o\000n\000j\000u\000n\000t\000o\000s\000\040\000a\000c\000o\000t\000a\000d\000o\000s}{section.5}% 37
\BOOKMARK [2][-]{subsection.5.2}{\376\377\000M\000\341\000x\000i\000m\000o\000\040\000y\000\040\000m\000\355\000n\000i\000m\000o}{section.5}% 38
\BOOKMARK [2][-]{subsection.5.3}{\376\377\000S\000u\000p\000r\000e\000m\000o}{section.5}% 39
\BOOKMARK [2][-]{subsection.5.4}{\376\377\000\315\000n\000f\000i\000m\000o}{section.5}% 40
\BOOKMARK [2][-]{subsection.5.5}{\376\377\000A\000x\000i\000o\000m\000a\000\040\000d\000e\000\040\000c\000o\000m\000p\000l\000e\000t\000i\000t\000u\000d}{section.5}% 41
\BOOKMARK [2][-]{subsection.5.6}{\376\377\000\277\000P\000o\000r\000\040\000q\000u\000\351\000\040\000l\000o\000s\000\040\000r\000a\000c\000i\000o\000n\000a\000l\000e\000s\000\040\000n\000o\000\040\000s\000o\000n\000\040\000c\000o\000m\000p\000l\000e\000t\000o\000s\000?}{section.5}% 42
\BOOKMARK [1][-]{section.6}{\376\377\000A\000p\000\351\000n\000d\000i\000c\000e\000:\000\040\000E\000c\000u\000a\000c\000i\000\363\000n\000\040\000g\000e\000n\000e\000r\000a\000l\000\040\000d\000e\000\040\000s\000e\000g\000u\000n\000d\000o\000\040\000g\000r\000a\000d\000o}{}% 43
\BOOKMARK [2][-]{subsection.6.1}{\376\377\000F\000a\000c\000t\000o\000r\000i\000z\000a\000c\000i\000\363\000n}{section.6}% 44
\BOOKMARK [3][-]{subsubsection.6.1.1}{\376\377\000F\000a\000c\000t\000o\000r\000i\000z\000a\000c\000i\000\363\000n\000\040\000s\000i\000m\000p\000l\000e}{subsection.6.1}% 45
\BOOKMARK [3][-]{subsubsection.6.1.2}{\376\377\000F\000a\000c\000t\000o\000r\000i\000z\000a\000c\000i\000\363\000n\000\040\000p\000o\000r\000\040\000b\000i\000n\000o\000m\000i\000o\000s\000\040\000c\000o\000n\000j\000u\000g\000a\000d\000o\000s}{subsection.6.1}% 46
\BOOKMARK [3][-]{subsubsection.6.1.3}{\376\377\000E\000j\000e\000r\000c\000i\000c\000i\000o\000s\000\040\000v\000a\000r\000i\000o\000s}{subsection.6.1}% 47
\BOOKMARK [3][-]{subsubsection.6.1.4}{\376\377\000F\000a\000c\000t\000o\000r\000i\000z\000a\000c\000i\000\363\000n\000\040\000p\000o\000r\000\040\000t\000r\000i\000n\000o\000m\000i\000o\000\040\000c\000u\000a\000d\000r\000a\000d\000o\000\040\000p\000e\000r\000f\000e\000c\000t\000o}{subsection.6.1}% 48
\BOOKMARK [3][-]{subsubsection.6.1.5}{\376\377\000M\000\351\000t\000o\000d\000o\000\040\000d\000e\000\040\000f\000a\000c\000t\000o\000r\000i\000z\000a\000c\000i\000\363\000n\000\040\000s\000i\000m\000p\000l\000e}{subsection.6.1}% 49
\BOOKMARK [3][-]{subsubsection.6.1.6}{\376\377\000M\000\351\000t\000o\000d\000o\000\040\000d\000e\000\040\000B\000i\000n\000o\000m\000i\000o\000\040\000C\000o\000n\000j\000u\000g\000a\000d\000o}{subsection.6.1}% 50
\BOOKMARK [3][-]{subsubsection.6.1.7}{\376\377\000M\000\351\000t\000o\000d\000o\000\040\000d\000e\000\040\000t\000r\000i\000n\000o\000m\000i\000o\000\040\000c\000u\000a\000d\000r\000a\000d\000o\000\040\000p\000e\000r\000f\000e\000c\000t\000o}{subsection.6.1}% 51
\BOOKMARK [2][-]{subsection.6.2}{\376\377\000M\000\351\000t\000o\000d\000o\000\040\000d\000e\000\040\000F\000\363\000r\000m\000u\000l\000a\000\040\000g\000e\000n\000e\000r\000a\000l}{section.6}% 52
