\BOOKMARK [1][-]{section.1}{\376\377\000P\000r\000e\000s\000e\000n\000t\000a\000c\000i\000\363\000n}{}% 1
\BOOKMARK [2][-]{subsection.1.1}{\376\377\000I\000n\000f\000o\000r\000m\000a\000c\000i\000\363\000n\000\040\000p\000e\000r\000s\000o\000n\000a\000l\000\040\000y\000\040\000r\000e\000d\000e\000s\000\040\000s\000o\000c\000i\000a\000l\000e\000s}{section.1}% 2
\BOOKMARK [1][-]{section.2}{\376\377\000P\000r\000o\000g\000r\000a\000m\000a\000\040\000d\000e\000\040\000E\000s\000t\000u\000d\000i\000o\000s\000\040\000d\000e\000\040\000C\000\341\000l\000c\000u\000l\000o\000\040\000D\000i\000f\000e\000r\000e\000n\000c\000i\000a\000l}{}% 3
\BOOKMARK [2][-]{subsection.2.1}{\376\377\000P\000r\000o\000p\000\363\000s\000i\000t\000o\000s\000\040\000g\000e\000n\000e\000r\000a\000l\000e\000s\000:\000\040\000A\000l\000\040\000t\000e\000r\000m\000i\000n\000a\000r\000\040\000e\000l\000\040\000c\000u\000r\000s\000o\000,\000\040\000e\000l\000\040\000a\000l\000u\000m\000n\000o\000:}{section.2}% 4
\BOOKMARK [3][-]{subsubsection.2.1.1}{\376\377\000S\000e\000r\000i\000a\000c\000i\000\363\000n\000:\000\040\000N\000O\000\040\000A\000s\000i\000g\000n\000a\000t\000u\000r\000a\000s\000\040\000P\000r\000e\000v\000i\000a\000s\000:}{subsection.2.1}% 5
\BOOKMARK [3][-]{subsubsection.2.1.2}{\376\377\000R\000e\000q\000u\000e\000r\000i\000m\000i\000e\000n\000t\000o\000s\000\040\000p\000a\000r\000a\000\040\000c\000u\000r\000s\000a\000r\000\040\000l\000a\000\040\000a\000s\000i\000g\000n\000a\000t\000u\000r\000a}{subsection.2.1}% 6
\BOOKMARK [2][-]{subsection.2.2}{\376\377\000T\000e\000m\000a\000r\000i\000o\000\040\000d\000e\000\040\000a\000s\000i\000g\000n\000a\000t\000u\000r\000a}{section.2}% 7
\BOOKMARK [3][-]{subsubsection.2.2.1}{\376\377\000O\000b\000j\000e\000t\000i\000v\000o\000\050\000s\000\051\000\040\000g\000e\000n\000e\000r\000a\000l\000\050\000e\000s\000\051\000\040\000d\000e\000\040\000l\000a\000\040\000a\000s\000i\000g\000n\000a\000t\000u\000r\000a\000:}{subsection.2.2}% 8
\BOOKMARK [2][-]{subsection.2.3}{\376\377\000T\000e\000m\000a\000s\000\040\000y\000\040\000s\000u\000b\000t\000e\000m\000a\000s\000:}{section.2}% 9
\BOOKMARK [3][-]{subsubsection.2.3.1}{\376\377\000F\000u\000n\000c\000i\000o\000n\000e\000s\000.}{subsection.2.3}% 10
\BOOKMARK [3][-]{subsubsection.2.3.2}{\376\377\000L\000\355\000m\000i\000t\000e\000s\000\040\000y\000\040\000c\000o\000n\000t\000i\000n\000u\000i\000d\000a\000d\000.}{subsection.2.3}% 11
\BOOKMARK [3][-]{subsubsection.2.3.3}{\376\377\000D\000e\000r\000i\000v\000a\000d\000a\000s\000.}{subsection.2.3}% 12
\BOOKMARK [3][-]{subsubsection.2.3.4}{\376\377\000A\000p\000l\000i\000c\000a\000c\000i\000o\000n\000e\000s\000\040\000d\000e\000\040\000l\000a\000\040\000d\000e\000r\000i\000v\000a\000d\000a\000.}{subsection.2.3}% 13
\BOOKMARK [2][-]{subsection.2.4}{\376\377\000M\000e\000t\000o\000d\000o\000l\000o\000g\000\355\000a\000\040\000d\000e\000\040\000l\000a\000\040\000e\000n\000s\000e\000\361\000a\000n\000z\000a}{section.2}% 14
\BOOKMARK [2][-]{subsection.2.5}{\376\377\000M\000o\000d\000a\000l\000i\000d\000a\000d\000e\000s\000\040\000d\000e\000\040\000e\000v\000a\000l\000u\000a\000c\000i\000\363\000n\000\040\000d\000e\000\040\000l\000a\000\040\000a\000s\000i\000g\000n\000a\000t\000u\000r\000a\000:}{section.2}% 15
\BOOKMARK [2][-]{subsection.2.6}{\376\377\000B\000i\000b\000l\000i\000o\000g\000r\000a\000f\000\355\000a\000:}{section.2}% 16
\BOOKMARK [1][-]{section.3}{\376\377\000P\000r\000e\000-\000r\000e\000q\000u\000i\000s\000i\000t\000o\000s}{}% 17
\BOOKMARK [2][-]{subsection.3.1}{\376\377\000E\000c\000u\000a\000c\000i\000o\000n\000e\000s\000\040\000d\000e\000\040\000l\000a\000\040\000f\000o\000r\000m\000a\000\040\000a\000x\000+\000b\000=\000c\000x\000+\000d}{section.3}% 18
\BOOKMARK [1][-]{section.4}{\376\377\000D\000e\000s\000i\000g\000u\000a\000l\000d\000a\000d\000e\000s}{}% 19
\BOOKMARK [2][-]{subsection.4.1}{\376\377\000E\000l\000e\000m\000e\000n\000t\000o\000s\000\040\000b\000\341\000s\000i\000c\000o\000s}{section.4}% 20
\BOOKMARK [2][-]{subsection.4.2}{\376\377\000S\000o\000l\000u\000c\000i\000\363\000n\000\040\000d\000e\000\040\000d\000e\000s\000i\000g\000u\000a\000l\000d\000a\000d\000e\000s\000\040\000d\000e\000\040\000p\000r\000i\000m\000e\000r\000\040\000g\000r\000a\000d\000o}{section.4}% 21
\BOOKMARK [3][-]{subsubsection.4.2.1}{\376\377\000S\000o\000l\000u\000c\000i\000\363\000n\000\040\000d\000e\000\040\000d\000e\000s\000i\000g\000u\000a\000l\000d\000a\000d\000e\000s\000\040\000d\000e\000l\000\040\000t\000i\000p\000o\000:\000\040\000a\000x\000+\000b\000>\000c}{subsection.4.2}% 22
\BOOKMARK [3][-]{subsubsection.4.2.2}{\376\377\000S\000o\000l\000u\000c\000i\000\363\000n\000\040\000d\000e\000\040\000d\000e\000s\000i\000g\000u\000a\000l\000d\000a\000d\000e\000s\000\040\000d\000e\000l\000\040\000t\000i\000p\000o\000:\000\040\000a\000x\000+\000b\000>\000c\000,\000\040\000c\000o\000n\000\040\000c\000o\000e\000f\000i\000c\000i\000e\000n\000t\000e\000s\000\040\000f\000r\000a\000c\000c\000i\000o\000n\000a\000r\000i\000o\000s}{subsection.4.2}% 23
\BOOKMARK [3][-]{subsubsection.4.2.3}{\376\377\000S\000o\000l\000u\000c\000i\000\363\000n\000\040\000d\000e\000\040\000d\000e\000s\000i\000g\000u\000a\000l\000d\000a\000d\000e\000s\000\040\000d\000e\000l\000\040\000t\000i\000p\000o\000:\000\040\000a\000x\000+\000b\000<\000c}{subsection.4.2}% 24
\BOOKMARK [3][-]{subsubsection.4.2.4}{\376\377\000S\000o\000l\000u\000c\000i\000\363\000n\000\040\000d\000e\000\040\000d\000e\000s\000i\000g\000u\000a\000l\000d\000a\000d\000e\000s\000\040\000d\000e\000l\000\040\000t\000i\000p\000o\000:\000\040\000a\000x\000+\000b\000<\000c\000\040\000c\000o\000n\000\040\000c\000o\000e\000f\000i\000c\000i\000e\000n\000t\000e\000s\000\040\000f\000r\000a\000c\000c\000i\000o\000n\000a\000r\000i\000o\000s}{subsection.4.2}% 25
\BOOKMARK [3][-]{subsubsection.4.2.5}{\376\377\000S\000o\000l\000u\000c\000i\000\363\000n\000\040\000d\000e\000\040\000d\000e\000s\000i\000g\000u\000a\000l\000d\000a\000d\000e\000s\000\040\000d\000e\000l\000\040\000t\000i\000p\000o\000:\000\040\000a\000x\000+\000b\000\040\000\134\000g\000e\000q\000\040\000c}{subsection.4.2}% 26
\BOOKMARK [3][-]{subsubsection.4.2.6}{\376\377\000S\000o\000l\000u\000c\000i\000\363\000n\000\040\000d\000e\000\040\000d\000e\000s\000i\000g\000u\000a\000l\000d\000a\000d\000e\000s\000\040\000d\000e\000l\000\040\000t\000i\000p\000o\000:\000\040\000a\000x\000+\000b\000\040\000\134\000g\000e\000q\000\040\000c\000,\000\040\000c\000o\000n\000\040\000c\000o\000e\000f\000i\000c\000i\000e\000n\000t\000e\000s\000\040\000f\000r\000a\000c\000c\000i\000o\000n\000a\000r\000i\000o\000s}{subsection.4.2}% 27
\BOOKMARK [3][-]{subsubsection.4.2.7}{\376\377\000S\000o\000l\000u\000c\000i\000\363\000n\000\040\000d\000e\000\040\000d\000e\000s\000i\000g\000u\000a\000l\000d\000a\000d\000e\000s\000\040\000d\000e\000l\000\040\000t\000i\000p\000o\000:\000\040\000a\000x\000+\000b\000\040\000\134\000l\000e\000q\000\040\000c}{subsection.4.2}% 28
\BOOKMARK [3][-]{subsubsection.4.2.8}{\376\377\000S\000o\000l\000u\000c\000i\000\363\000n\000\040\000d\000e\000\040\000d\000e\000s\000i\000g\000u\000a\000l\000d\000a\000d\000e\000s\000\040\000d\000e\000l\000\040\000t\000i\000p\000o\000:\000\040\000a\000x\000+\000b\000\040\000\134\000l\000e\000q\000\040\000c\000\040\000c\000o\000n\000\040\000c\000o\000e\000f\000i\000c\000i\000e\000n\000t\000e\000s\000\040\000f\000r\000a\000c\000c\000i\000o\000n\000a\000r\000i\000o\000s\000.}{subsection.4.2}% 29
\BOOKMARK [2][-]{subsection.4.3}{\376\377\000S\000o\000l\000u\000c\000i\000\363\000n\000\040\000d\000e\000\040\000d\000e\000s\000i\000g\000u\000a\000l\000d\000a\000d\000e\000s\000\040\000c\000o\000n\000\040\000d\000o\000b\000l\000e\000\040\000d\000e\000s\000i\000g\000u\000a\000l\000d\000a\000d\000.}{section.4}% 30
\BOOKMARK [3][-]{subsubsection.4.3.1}{\376\377\000S\000o\000l\000u\000c\000i\000\363\000n\000\040\000d\000e\000\040\000d\000e\000s\000i\000g\000u\000a\000l\000d\000a\000d\000e\000s\000\040\000d\000e\000l\000\040\000t\000i\000p\000o\000:\000\040\000c\000<\000\040\000a\000x\000+\000b\000\040\000<\000d}{subsection.4.3}% 31
\BOOKMARK [3][-]{subsubsection.4.3.2}{\376\377\000S\000o\000l\000u\000c\000i\000\363\000n\000\040\000d\000e\000\040\000d\000e\000s\000i\000g\000u\000a\000l\000d\000a\000d\000e\000s\000\040\000d\000e\000l\000\040\000t\000i\000p\000o\000:\000\040\000c\000<\000\040\000a\000x\000+\000b\000\040\000\134\000l\000e\000q\000\040\000d}{subsection.4.3}% 32
\BOOKMARK [3][-]{subsubsection.4.3.3}{\376\377\000S\000o\000l\000u\000c\000i\000\363\000n\000\040\000d\000e\000\040\000d\000e\000s\000i\000g\000u\000a\000l\000d\000a\000d\000e\000s\000\040\000d\000e\000l\000\040\000t\000i\000p\000o\000:\000\040\000c\000\134\000l\000e\000q\000\040\000a\000x\000+\000b\000\040\000<\000d}{subsection.4.3}% 33
\BOOKMARK [3][-]{subsubsection.4.3.4}{\376\377\000S\000o\000l\000u\000c\000i\000\363\000n\000\040\000d\000e\000\040\000d\000e\000s\000i\000g\000u\000a\000l\000d\000a\000d\000e\000s\000\040\000d\000e\000l\000\040\000t\000i\000p\000o\000:\000\040\000c\000\134\000l\000e\000q\000\040\000a\000x\000+\000b\000\040\000\134\000l\000e\000q\000\040\000d}{subsection.4.3}% 34
\BOOKMARK [2][-]{subsection.4.4}{\376\377\000S\000o\000l\000u\000c\000i\000\363\000n\000\040\000d\000e\000\040\000d\000e\000s\000i\000g\000u\000a\000l\000d\000a\000d\000e\000s\000\040\000c\000o\000n\000\040\000v\000a\000l\000o\000r\000\040\000a\000b\000s\000o\000l\000u\000t\000o}{section.4}% 35
\BOOKMARK [3][-]{subsubsection.4.4.1}{\376\377\000S\000o\000l\000u\000c\000i\000\363\000n\000\040\000d\000e\000\040\000d\000e\000s\000i\000g\000u\000a\000l\000d\000a\000d\000e\000s\000\040\000d\000e\000l\000\040\000t\000i\000p\000o\000:\000\040\000|\000a\000x\000+\000b\000|\000\040\000<\000d}{subsection.4.4}% 36
\BOOKMARK [3][-]{subsubsection.4.4.2}{\376\377\000S\000o\000l\000u\000c\000i\000\363\000n\000\040\000d\000e\000\040\000d\000e\000s\000i\000g\000u\000a\000l\000d\000a\000d\000e\000s\000\040\000d\000e\000l\000\040\000t\000i\000p\000o\000:\000\040\000|\000a\000x\000+\000b\000|\000\040\000\134\000l\000e\000q\000\040\000d}{subsection.4.4}% 37
\BOOKMARK [3][-]{subsubsection.4.4.3}{\376\377\000S\000o\000l\000u\000c\000i\000\363\000n\000\040\000d\000e\000\040\000d\000e\000s\000i\000g\000u\000a\000l\000d\000a\000d\000e\000s\000\040\000d\000e\000l\000\040\000t\000i\000p\000o\000:\000\040\000|\000a\000x\000+\000b\000|\000\040\000>\000d}{subsection.4.4}% 38
\BOOKMARK [3][-]{subsubsection.4.4.4}{\376\377\000S\000o\000l\000u\000c\000i\000\363\000n\000\040\000d\000e\000\040\000d\000e\000s\000i\000g\000u\000a\000l\000d\000a\000d\000e\000s\000\040\000d\000e\000l\000\040\000t\000i\000p\000o\000:\000\040\000|\000a\000x\000+\000b\000|\000\040\000\134\000g\000e\000q\000\040\000d}{subsection.4.4}% 39
\BOOKMARK [3][-]{subsubsection.4.4.5}{\376\377\000E\000j\000e\000r\000c\000i\000c\000i\000o\000s\000\040\000a\000d\000i\000c\000i\000o\000n\000a\000l\000e\000s}{subsection.4.4}% 40
\BOOKMARK [2][-]{subsection.4.5}{\376\377\000S\000o\000l\000u\000c\000i\000\363\000n\000\040\000d\000e\000\040\000d\000e\000s\000i\000g\000u\000a\000l\000d\000a\000d\000e\000s\000\040\000d\000e\000\040\000s\000e\000g\000u\000n\000d\000o\000\040\000g\000r\000a\000d\000o}{section.4}% 41
\BOOKMARK [3][-]{subsubsection.4.5.1}{\376\377\000S\000o\000l\000u\000c\000i\000\363\000n\000\040\000d\000e\000\040\000d\000e\000s\000i\000g\000u\000a\000l\000d\000a\000d\000e\000s\000\040\000d\000e\000l\000\040\000t\000i\000p\000o\000\040\000a\000x\000\136\0002\000+\000b\000x\000+\000c\000>\0000}{subsection.4.5}% 42
\BOOKMARK [3][-]{subsubsection.4.5.2}{\376\377\000S\000o\000l\000u\000c\000i\000\363\000n\000\040\000d\000e\000\040\000d\000e\000s\000i\000g\000u\000a\000l\000d\000a\000d\000e\000s\000\040\000d\000e\000l\000\040\000t\000i\000p\000o\000\040\000a\000x\000\136\0002\000+\000b\000x\000+\000c\000\134\000g\000e\000q\000\040\0000}{subsection.4.5}% 43
\BOOKMARK [3][-]{subsubsection.4.5.3}{\376\377\000S\000o\000l\000u\000c\000i\000\363\000n\000\040\000d\000e\000\040\000d\000e\000s\000i\000g\000u\000a\000l\000d\000a\000d\000e\000s\000\040\000d\000e\000l\000\040\000t\000i\000p\000o\000\040\000a\000x\000\136\0002\000+\000b\000x\000+\000c\000<\0000}{subsection.4.5}% 44
\BOOKMARK [3][-]{subsubsection.4.5.4}{\376\377\000S\000o\000l\000u\000c\000i\000\363\000n\000\040\000d\000e\000\040\000d\000e\000s\000i\000g\000u\000a\000l\000d\000a\000d\000e\000s\000\040\000d\000e\000l\000\040\000t\000i\000p\000o\000\040\000a\000x\000\136\0002\000+\000b\000x\000+\000c\000\134\000l\000e\000q\000\040\0000}{subsection.4.5}% 45
\BOOKMARK [3][-]{subsubsection.4.5.5}{\376\377\000E\000j\000e\000r\000c\000i\000c\000i\000o\000s\000\040\000a\000d\000i\000c\000i\000o\000n\000a\000l\000e\000s}{subsection.4.5}% 46
\BOOKMARK [1][-]{section.5}{\376\377\000T\000a\000r\000e\000a\000\040\0001}{}% 47
